Copyright 1986-2022 Xilinx, Inc. All Rights Reserved. Copyright 2022-2025 Advanced Micro Devices, Inc. All Rights Reserved.
------------------------------------------------------------------------------------------------------------------------------------------------------------------------------------------------------------------------------------------------------------------------------
| Tool Version : Vivado v.2025.2 (win64) Build 6299465 Fri Nov 14 19:35:11 GMT 2025
| Date         : Sat Apr 11 11:12:43 2026
| Host         : LAPTOP-BNQ02402 running 64-bit major release  (build 9200)
| Command      : report_timing_summary -max_paths 10 -routable_nets -report_unconstrained -file Keypad_encoder_wrapper_timing_summary_routed.rpt -pb Keypad_encoder_wrapper_timing_summary_routed.pb -rpx Keypad_encoder_wrapper_timing_summary_routed.rpx -warn_on_violation
| Design       : Keypad_encoder_wrapper
| Device       : 7z020-clg400
| Speed File   : -1  PRODUCTION 1.12 2019-11-22
| Design State : Routed
------------------------------------------------------------------------------------------------------------------------------------------------------------------------------------------------------------------------------------------------------------------------------

Timing Summary Report

------------------------------------------------------------------------------------------------
| Timer Settings
| --------------
------------------------------------------------------------------------------------------------

  Enable Multi Corner Analysis               :  Yes
  Enable Pessimism Removal                   :  Yes
  Pessimism Removal Resolution               :  Nearest Common Node
  Enable Input Delay Default Clock           :  No
  Enable Preset / Clear Arcs                 :  No
  Disable Flight Delays                      :  No
  Ignore I/O Paths                           :  No
  Timing Early Launch at Borrowing Latches   :  No
  Borrow Time for Max Delay Exceptions       :  Yes
  Merge Timing Exceptions                    :  Yes
  Inter-SLR Compensation                     :  Conservative

  Corner  Analyze    Analyze    
  Name    Max Paths  Min Paths  
  ------  ---------  ---------  
  Slow    Yes        Yes        
  Fast    Yes        Yes        


------------------------------------------------------------------------------------------------
| Report Methodology
| ------------------
------------------------------------------------------------------------------------------------

Rule       Severity          Description                                                       Violations  
---------  ----------------  ----------------------------------------------------------------  ----------  
TIMING-17  Critical Warning  Non-clocked sequential cell                                       18          
CKLD-2     Warning           Clock Net has IO Driver, not a Clock Buf, and/or non-Clock loads  1           

Note: This report is based on the most recent report_methodology run and may not be up-to-date. Run report_methodology on the current design for the latest report.



check_timing report

Table of Contents
-----------------
1. checking no_clock (18)
2. checking constant_clock (0)
3. checking pulse_width_clock (0)
4. checking unconstrained_internal_endpoints (40)
5. checking no_input_delay (5)
6. checking no_output_delay (9)
7. checking multiple_clock (0)
8. checking generated_clocks (0)
9. checking loops (0)
10. checking partial_input_delay (0)
11. checking partial_output_delay (0)
12. checking latch_loops (0)

1. checking no_clock (18)
-------------------------
 There are 14 register/latch pins with no clock driven by root clock pin: CLK (HIGH)

 There are 4 register/latch pins with no clock driven by root clock pin: Keypad_encoder_i/clockdivider_0/U0/clk_out_reg/Q (HIGH)


2. checking constant_clock (0)
------------------------------
 There are 0 register/latch pins with constant_clock.


3. checking pulse_width_clock (0)
---------------------------------
 There are 0 register/latch pins which need pulse_width check


4. checking unconstrained_internal_endpoints (40)
-------------------------------------------------
 There are 40 pins that are not constrained for maximum delay. (HIGH)

 There are 0 pins that are not constrained for maximum delay due to constant clock.


5. checking no_input_delay (5)
------------------------------
 There are 5 input ports with no input delay specified. (HIGH)

 There are 0 input ports with no input delay but user has a false path constraint.


6. checking no_output_delay (9)
-------------------------------
 There are 9 ports with no output delay specified. (HIGH)

 There are 0 ports with no output delay but user has a false path constraint

 There are 0 ports with no output delay but with a timing clock defined on it or propagating through it


7. checking multiple_clock (0)
------------------------------
 There are 0 register/latch pins with multiple clocks.


8. checking generated_clocks (0)
--------------------------------
 There are 0 generated clocks that are not connected to a clock source.


9. checking loops (0)
---------------------
 There are 0 combinational loops in the design.


10. checking partial_input_delay (0)
------------------------------------
 There are 0 input ports with partial input delay specified.


11. checking partial_output_delay (0)
-------------------------------------
 There are 0 ports with partial output delay specified.


12. checking latch_loops (0)
----------------------------
 There are 0 combinational latch loops in the design through latch input



------------------------------------------------------------------------------------------------
| Design Timing Summary
| ---------------------
------------------------------------------------------------------------------------------------

    WNS(ns)      TNS(ns)  TNS Failing Endpoints  TNS Total Endpoints      WHS(ns)      THS(ns)  THS Failing Endpoints  THS Total Endpoints     WPWS(ns)     TPWS(ns)  TPWS Failing Endpoints  TPWS Total Endpoints  
    -------      -------  ---------------------  -------------------      -------      -------  ---------------------  -------------------     --------     --------  ----------------------  --------------------  
        inf        0.000                      0                   49          inf        0.000                      0                   49           NA           NA                      NA                    NA  


There are no user specified timing constraints.


------------------------------------------------------------------------------------------------
| Clock Summary
| -------------
------------------------------------------------------------------------------------------------


------------------------------------------------------------------------------------------------
| Intra Clock Table
| -----------------
------------------------------------------------------------------------------------------------

Clock             WNS(ns)      TNS(ns)  TNS Failing Endpoints  TNS Total Endpoints      WHS(ns)      THS(ns)  THS Failing Endpoints  THS Total Endpoints     WPWS(ns)     TPWS(ns)  TPWS Failing Endpoints  TPWS Total Endpoints  
-----             -------      -------  ---------------------  -------------------      -------      -------  ---------------------  -------------------     --------     --------  ----------------------  --------------------  


------------------------------------------------------------------------------------------------
| Inter Clock Table
| -----------------
------------------------------------------------------------------------------------------------

From Clock    To Clock          WNS(ns)      TNS(ns)  TNS Failing Endpoints  TNS Total Endpoints      WHS(ns)      THS(ns)  THS Failing Endpoints  THS Total Endpoints  
----------    --------          -------      -------  ---------------------  -------------------      -------      -------  ---------------------  -------------------  


------------------------------------------------------------------------------------------------
| Other Path Groups Table
| -----------------------
------------------------------------------------------------------------------------------------

Path Group    From Clock    To Clock          WNS(ns)      TNS(ns)  TNS Failing Endpoints  TNS Total Endpoints      WHS(ns)      THS(ns)  THS Failing Endpoints  THS Total Endpoints  
----------    ----------    --------          -------      -------  ---------------------  -------------------      -------      -------  ---------------------  -------------------  


------------------------------------------------------------------------------------------------
| User Ignored Path Table
| -----------------------
------------------------------------------------------------------------------------------------

Path Group    From Clock    To Clock    
----------    ----------    --------    


------------------------------------------------------------------------------------------------
| Unconstrained Path Table
| ------------------------
------------------------------------------------------------------------------------------------

Path Group    From Clock    To Clock    
----------    ----------    --------    
(none)                                    


------------------------------------------------------------------------------------------------
| Timing Details
| --------------
------------------------------------------------------------------------------------------------


--------------------------------------------------------------------------------------
Path Group:  (none)
From Clock:  
  To Clock:  

Max Delay            49 Endpoints
Min Delay            49 Endpoints
--------------------------------------------------------------------------------------


Max Delay Paths
--------------------------------------------------------------------------------------
Slack:                    inf
  Source:                 col_in[2]
                            (input port)
  Destination:            intr
                            (output port)
  Path Group:             (none)
  Path Type:              Max at Slow Process Corner
  Data Path Delay:        9.811ns  (logic 5.409ns (55.129%)  route 4.402ns (44.871%))
  Logic Levels:           4  (IBUF=1 LUT1=1 LUT6=1 OBUF=1)

    Location             Delay type                Incr(ns)  Path(ns)    Netlist Resource(s)
  -------------------------------------------------------------------    -------------------
    Y14                                               0.000     0.000 f  col_in[2] (IN)
                         net (fo=0)                   0.000     0.000    col_in[2]
    Y14                  IBUF (Prop_ibuf_I_O)         1.589     1.589 f  col_in_IBUF[2]_inst/O
                         net (fo=1, routed)           1.582     3.171    Keypad_encoder_i/mux_keypad_0/U0/i[2]
    SLICE_X113Y97        LUT6 (Prop_lut6_I1_O)        0.124     3.295 f  Keypad_encoder_i/mux_keypad_0/U0/o0/O
                         net (fo=5, routed)           1.014     4.309    Keypad_encoder_i/not_gate_keypad_0/a
    SLICE_X113Y103       LUT1 (Prop_lut1_I0_O)        0.124     4.433 r  Keypad_encoder_i/not_gate_keypad_0/o_INST_0/O
                         net (fo=1, routed)           1.807     6.239    intr_OBUF
    L15                  OBUF (Prop_obuf_I_O)         3.572     9.811 r  intr_OBUF_inst/O
                         net (fo=0)                   0.000     9.811    intr
    L15                                                               r  intr (OUT)
  -------------------------------------------------------------------    -------------------

Slack:                    inf
  Source:                 Keypad_encoder_i/counter_keypad_0/U0/cnt_reg[3]/C
                            (rising edge-triggered cell FDCE)
  Destination:            row_out[3]
                            (output port)
  Path Group:             (none)
  Path Type:              Max at Slow Process Corner
  Data Path Delay:        8.066ns  (logic 4.332ns (53.706%)  route 3.734ns (46.294%))
  Logic Levels:           3  (FDCE=1 LUT2=1 OBUF=1)

    Location             Delay type                Incr(ns)  Path(ns)    Netlist Resource(s)
  -------------------------------------------------------------------    -------------------
    SLICE_X112Y97        FDCE                         0.000     0.000 r  Keypad_encoder_i/counter_keypad_0/U0/cnt_reg[3]/C
    SLICE_X112Y97        FDCE (Prop_fdce_C_Q)         0.478     0.478 f  Keypad_encoder_i/counter_keypad_0/U0/cnt_reg[3]/Q
                         net (fo=9, routed)           1.076     1.554    Keypad_encoder_i/decoder_keypad_0/U0/i[1]
    SLICE_X112Y90        LUT2 (Prop_lut2_I1_O)        0.301     1.855 r  Keypad_encoder_i/decoder_keypad_0/U0/o[3]_INST_0/O
                         net (fo=1, routed)           2.658     4.513    row_out_OBUF[3]
    V16                  OBUF (Prop_obuf_I_O)         3.553     8.066 r  row_out_OBUF[3]_inst/O
                         net (fo=0)                   0.000     8.066    row_out[3]
    V16                                                               r  row_out[3] (OUT)
  -------------------------------------------------------------------    -------------------

Slack:                    inf
  Source:                 Keypad_encoder_i/counter_keypad_0/U0/cnt_reg[3]/C
                            (rising edge-triggered cell FDCE)
  Destination:            row_out[2]
                            (output port)
  Path Group:             (none)
  Path Type:              Max at Slow Process Corner
  Data Path Delay:        7.970ns  (logic 4.333ns (54.360%)  route 3.638ns (45.640%))
  Logic Levels:           3  (FDCE=1 LUT2=1 OBUF=1)

    Location             Delay type                Incr(ns)  Path(ns)    Netlist Resource(s)
  -------------------------------------------------------------------    -------------------
    SLICE_X112Y97        FDCE                         0.000     0.000 r  Keypad_encoder_i/counter_keypad_0/U0/cnt_reg[3]/C
    SLICE_X112Y97        FDCE (Prop_fdce_C_Q)         0.478     0.478 f  Keypad_encoder_i/counter_keypad_0/U0/cnt_reg[3]/Q
                         net (fo=9, routed)           1.074     1.552    Keypad_encoder_i/decoder_keypad_0/i[1]
    SLICE_X112Y90        LUT2 (Prop_lut2_I1_O)        0.301     1.853 r  Keypad_encoder_i/decoder_keypad_0/o[2]_INST_0/O
                         net (fo=1, routed)           2.564     4.417    row_out_OBUF[2]
    W16                  OBUF (Prop_obuf_I_O)         3.554     7.970 r  row_out_OBUF[2]_inst/O
                         net (fo=0)                   0.000     7.970    row_out[2]
    W16                                                               r  row_out[2] (OUT)
  -------------------------------------------------------------------    -------------------

Slack:                    inf
  Source:                 Keypad_encoder_i/counter_keypad_0/U0/cnt_reg[0]/C
                            (rising edge-triggered cell FDCE)
  Destination:            key_out[0]
                            (output port)
  Path Group:             (none)
  Path Type:              Max at Slow Process Corner
  Data Path Delay:        7.416ns  (logic 4.436ns (59.816%)  route 2.980ns (40.184%))
  Logic Levels:           3  (FDCE=1 LUT4=1 OBUF=1)

    Location             Delay type                Incr(ns)  Path(ns)    Netlist Resource(s)
  -------------------------------------------------------------------    -------------------
    SLICE_X112Y97        FDCE                         0.000     0.000 r  Keypad_encoder_i/counter_keypad_0/U0/cnt_reg[0]/C
    SLICE_X112Y97        FDCE (Prop_fdce_C_Q)         0.518     0.518 r  Keypad_encoder_i/counter_keypad_0/U0/cnt_reg[0]/Q
                         net (fo=9, routed)           0.904     1.422    Keypad_encoder_i/mask_keypad_0/U0/key[0]
    SLICE_X112Y97        LUT4 (Prop_lut4_I3_O)        0.157     1.579 r  Keypad_encoder_i/mask_keypad_0/U0/keyout[0]_INST_0/O
                         net (fo=1, routed)           2.076     3.655    key_out_OBUF[0]
    R14                  OBUF (Prop_obuf_I_O)         3.761     7.416 r  key_out_OBUF[0]_inst/O
                         net (fo=0)                   0.000     7.416    key_out[0]
    R14                                                               r  key_out[0] (OUT)
  -------------------------------------------------------------------    -------------------

Slack:                    inf
  Source:                 Keypad_encoder_i/counter_keypad_0/U0/cnt_reg[0]/C
                            (rising edge-triggered cell FDCE)
  Destination:            key_out[2]
                            (output port)
  Path Group:             (none)
  Path Type:              Max at Slow Process Corner
  Data Path Delay:        7.403ns  (logic 4.450ns (60.114%)  route 2.953ns (39.886%))
  Logic Levels:           3  (FDCE=1 LUT4=1 OBUF=1)

    Location             Delay type                Incr(ns)  Path(ns)    Netlist Resource(s)
  -------------------------------------------------------------------    -------------------
    SLICE_X112Y97        FDCE                         0.000     0.000 r  Keypad_encoder_i/counter_keypad_0/U0/cnt_reg[0]/C
    SLICE_X112Y97        FDCE (Prop_fdce_C_Q)         0.518     0.518 r  Keypad_encoder_i/counter_keypad_0/U0/cnt_reg[0]/Q
                         net (fo=9, routed)           0.890     1.408    Keypad_encoder_i/mask_keypad_0/U0/key[0]
    SLICE_X112Y97        LUT4 (Prop_lut4_I2_O)        0.153     1.561 r  Keypad_encoder_i/mask_keypad_0/U0/keyout[2]_INST_0/O
                         net (fo=1, routed)           2.063     3.624    key_out_OBUF[2]
    N16                  OBUF (Prop_obuf_I_O)         3.779     7.403 r  key_out_OBUF[2]_inst/O
                         net (fo=0)                   0.000     7.403    key_out[2]
    N16                                                               r  key_out[2] (OUT)
  -------------------------------------------------------------------    -------------------

Slack:                    inf
  Source:                 Keypad_encoder_i/counter_keypad_0/U0/cnt_reg[3]/C
                            (rising edge-triggered cell FDCE)
  Destination:            row_out[0]
                            (output port)
  Path Group:             (none)
  Path Type:              Max at Slow Process Corner
  Data Path Delay:        7.343ns  (logic 4.593ns (62.554%)  route 2.750ns (37.446%))
  Logic Levels:           3  (FDCE=1 LUT2=1 OBUF=1)

    Location             Delay type                Incr(ns)  Path(ns)    Netlist Resource(s)
  -------------------------------------------------------------------    -------------------
    SLICE_X112Y97        FDCE                         0.000     0.000 r  Keypad_encoder_i/counter_keypad_0/U0/cnt_reg[3]/C
    SLICE_X112Y97        FDCE (Prop_fdce_C_Q)         0.478     0.478 r  Keypad_encoder_i/counter_keypad_0/U0/cnt_reg[3]/Q
                         net (fo=9, routed)           1.076     1.554    Keypad_encoder_i/decoder_keypad_0/U0/i[1]
    SLICE_X112Y90        LUT2 (Prop_lut2_I1_O)        0.325     1.879 r  Keypad_encoder_i/decoder_keypad_0/U0/o[0]_INST_0/O
                         net (fo=1, routed)           1.674     3.553    row_out_OBUF[0]
    W13                  OBUF (Prop_obuf_I_O)         3.790     7.343 r  row_out_OBUF[0]_inst/O
                         net (fo=0)                   0.000     7.343    row_out[0]
    W13                                                               r  row_out[0] (OUT)
  -------------------------------------------------------------------    -------------------

Slack:                    inf
  Source:                 Keypad_encoder_i/counter_keypad_0/U0/cnt_reg[0]/C
                            (rising edge-triggered cell FDCE)
  Destination:            key_out[1]
                            (output port)
  Path Group:             (none)
  Path Type:              Max at Slow Process Corner
  Data Path Delay:        7.149ns  (logic 4.199ns (58.738%)  route 2.950ns (41.262%))
  Logic Levels:           3  (FDCE=1 LUT4=1 OBUF=1)

    Location             Delay type                Incr(ns)  Path(ns)    Netlist Resource(s)
  -------------------------------------------------------------------    -------------------
    SLICE_X112Y97        FDCE                         0.000     0.000 r  Keypad_encoder_i/counter_keypad_0/U0/cnt_reg[0]/C
    SLICE_X112Y97        FDCE (Prop_fdce_C_Q)         0.518     0.518 r  Keypad_encoder_i/counter_keypad_0/U0/cnt_reg[0]/Q
                         net (fo=9, routed)           0.890     1.408    Keypad_encoder_i/mask_keypad_0/U0/key[0]
    SLICE_X112Y97        LUT4 (Prop_lut4_I3_O)        0.124     1.532 r  Keypad_encoder_i/mask_keypad_0/U0/keyout[1]_INST_0/O
                         net (fo=1, routed)           2.060     3.592    key_out_OBUF[1]
    P14                  OBUF (Prop_obuf_I_O)         3.557     7.149 r  key_out_OBUF[1]_inst/O
                         net (fo=0)                   0.000     7.149    key_out[1]
    P14                                                               r  key_out[1] (OUT)
  -------------------------------------------------------------------    -------------------

Slack:                    inf
  Source:                 Keypad_encoder_i/counter_keypad_0/U0/cnt_reg[0]/C
                            (rising edge-triggered cell FDCE)
  Destination:            key_out[3]
                            (output port)
  Path Group:             (none)
  Path Type:              Max at Slow Process Corner
  Data Path Delay:        7.142ns  (logic 4.223ns (59.125%)  route 2.919ns (40.875%))
  Logic Levels:           3  (FDCE=1 LUT4=1 OBUF=1)

    Location             Delay type                Incr(ns)  Path(ns)    Netlist Resource(s)
  -------------------------------------------------------------------    -------------------
    SLICE_X112Y97        FDCE                         0.000     0.000 r  Keypad_encoder_i/counter_keypad_0/U0/cnt_reg[0]/C
    SLICE_X112Y97        FDCE (Prop_fdce_C_Q)         0.518     0.518 r  Keypad_encoder_i/counter_keypad_0/U0/cnt_reg[0]/Q
                         net (fo=9, routed)           0.904     1.422    Keypad_encoder_i/mask_keypad_0/U0/key[0]
    SLICE_X112Y97        LUT4 (Prop_lut4_I1_O)        0.124     1.546 r  Keypad_encoder_i/mask_keypad_0/U0/keyout[3]_INST_0/O
                         net (fo=1, routed)           2.016     3.561    key_out_OBUF[3]
    M14                  OBUF (Prop_obuf_I_O)         3.581     7.142 r  key_out_OBUF[3]_inst/O
                         net (fo=0)                   0.000     7.142    key_out[3]
    M14                                                               r  key_out[3] (OUT)
  -------------------------------------------------------------------    -------------------

Slack:                    inf
  Source:                 Keypad_encoder_i/counter_keypad_0/U0/cnt_reg[3]/C
                            (rising edge-triggered cell FDCE)
  Destination:            row_out[1]
                            (output port)
  Path Group:             (none)
  Path Type:              Max at Slow Process Corner
  Data Path Delay:        7.120ns  (logic 4.380ns (61.517%)  route 2.740ns (38.483%))
  Logic Levels:           3  (FDCE=1 LUT2=1 OBUF=1)

    Location             Delay type                Incr(ns)  Path(ns)    Netlist Resource(s)
  -------------------------------------------------------------------    -------------------
    SLICE_X112Y97        FDCE                         0.000     0.000 r  Keypad_encoder_i/counter_keypad_0/U0/cnt_reg[3]/C
    SLICE_X112Y97        FDCE (Prop_fdce_C_Q)         0.478     0.478 r  Keypad_encoder_i/counter_keypad_0/U0/cnt_reg[3]/Q
                         net (fo=9, routed)           1.067     1.545    Keypad_encoder_i/decoder_keypad_0/i[1]
    SLICE_X112Y91        LUT2 (Prop_lut2_I0_O)        0.301     1.846 r  Keypad_encoder_i/decoder_keypad_0/o[1]_INST_0/O
                         net (fo=1, routed)           1.673     3.519    row_out_OBUF[1]
    V12                  OBUF (Prop_obuf_I_O)         3.601     7.120 r  row_out_OBUF[1]_inst/O
                         net (fo=0)                   0.000     7.120    row_out[1]
    V12                                                               r  row_out[1] (OUT)
  -------------------------------------------------------------------    -------------------

Slack:                    inf
  Source:                 RST
                            (input port)
  Destination:            Keypad_encoder_i/counter_keypad_0/U0/cnt_reg[0]/CLR
  Path Group:             (none)
  Path Type:              Max at Slow Process Corner
  Data Path Delay:        4.133ns  (logic 1.463ns (35.409%)  route 2.669ns (64.591%))
  Logic Levels:           1  (IBUF=1)

    Location             Delay type                Incr(ns)  Path(ns)    Netlist Resource(s)
  -------------------------------------------------------------------    -------------------
    D19                                               0.000     0.000 f  RST (IN)
                         net (fo=0)                   0.000     0.000    RST
    D19                  IBUF (Prop_ibuf_I_O)         1.463     1.463 f  RST_IBUF_inst/O
                         net (fo=18, routed)          2.669     4.133    Keypad_encoder_i/counter_keypad_0/U0/rst
    SLICE_X112Y97        FDCE                                         f  Keypad_encoder_i/counter_keypad_0/U0/cnt_reg[0]/CLR
  -------------------------------------------------------------------    -------------------





Min Delay Paths
--------------------------------------------------------------------------------------
Slack:                    inf
  Source:                 Keypad_encoder_i/clockdivider_0/U0/counter_reg[1]/C
                            (rising edge-triggered cell FDCE)
  Destination:            Keypad_encoder_i/clockdivider_0/U0/counter_reg[4]/D
  Path Group:             (none)
  Path Type:              Min at Fast Process Corner
  Data Path Delay:        0.363ns  (logic 0.209ns (57.546%)  route 0.154ns (42.454%))
  Logic Levels:           2  (FDCE=1 LUT6=1)

    Location             Delay type                Incr(ns)  Path(ns)    Netlist Resource(s)
  -------------------------------------------------------------------    -------------------
    SLICE_X112Y115       FDCE                         0.000     0.000 r  Keypad_encoder_i/clockdivider_0/U0/counter_reg[1]/C
    SLICE_X112Y115       FDCE (Prop_fdce_C_Q)         0.164     0.164 f  Keypad_encoder_i/clockdivider_0/U0/counter_reg[1]/Q
                         net (fo=15, routed)          0.154     0.318    Keypad_encoder_i/clockdivider_0/U0/counter[1]
    SLICE_X112Y116       LUT6 (Prop_lut6_I3_O)        0.045     0.363 r  Keypad_encoder_i/clockdivider_0/U0/counter[4]_i_1/O
                         net (fo=1, routed)           0.000     0.363    Keypad_encoder_i/clockdivider_0/U0/counter_0[4]
    SLICE_X112Y116       FDCE                                         r  Keypad_encoder_i/clockdivider_0/U0/counter_reg[4]/D
  -------------------------------------------------------------------    -------------------

Slack:                    inf
  Source:                 Keypad_encoder_i/clockdivider_0/U0/counter_reg[0]/C
                            (rising edge-triggered cell FDCE)
  Destination:            Keypad_encoder_i/clockdivider_0/U0/counter_reg[3]/D
  Path Group:             (none)
  Path Type:              Min at Fast Process Corner
  Data Path Delay:        0.382ns  (logic 0.209ns (54.776%)  route 0.173ns (45.224%))
  Logic Levels:           2  (FDCE=1 LUT6=1)

    Location             Delay type                Incr(ns)  Path(ns)    Netlist Resource(s)
  -------------------------------------------------------------------    -------------------
    SLICE_X112Y115       FDCE                         0.000     0.000 r  Keypad_encoder_i/clockdivider_0/U0/counter_reg[0]/C
    SLICE_X112Y115       FDCE (Prop_fdce_C_Q)         0.164     0.164 r  Keypad_encoder_i/clockdivider_0/U0/counter_reg[0]/Q
                         net (fo=15, routed)          0.173     0.337    Keypad_encoder_i/clockdivider_0/U0/counter[0]
    SLICE_X112Y116       LUT6 (Prop_lut6_I2_O)        0.045     0.382 r  Keypad_encoder_i/clockdivider_0/U0/counter[3]_i_1/O
                         net (fo=1, routed)           0.000     0.382    Keypad_encoder_i/clockdivider_0/U0/counter_0[3]
    SLICE_X112Y116       FDCE                                         r  Keypad_encoder_i/clockdivider_0/U0/counter_reg[3]/D
  -------------------------------------------------------------------    -------------------

Slack:                    inf
  Source:                 Keypad_encoder_i/clockdivider_0/U0/counter_reg[0]/C
                            (rising edge-triggered cell FDCE)
  Destination:            Keypad_encoder_i/clockdivider_0/U0/counter_reg[2]/D
  Path Group:             (none)
  Path Type:              Min at Fast Process Corner
  Data Path Delay:        0.384ns  (logic 0.209ns (54.490%)  route 0.175ns (45.510%))
  Logic Levels:           2  (FDCE=1 LUT6=1)

    Location             Delay type                Incr(ns)  Path(ns)    Netlist Resource(s)
  -------------------------------------------------------------------    -------------------
    SLICE_X112Y115       FDCE                         0.000     0.000 r  Keypad_encoder_i/clockdivider_0/U0/counter_reg[0]/C
    SLICE_X112Y115       FDCE (Prop_fdce_C_Q)         0.164     0.164 r  Keypad_encoder_i/clockdivider_0/U0/counter_reg[0]/Q
                         net (fo=15, routed)          0.175     0.339    Keypad_encoder_i/clockdivider_0/U0/counter[0]
    SLICE_X112Y116       LUT6 (Prop_lut6_I2_O)        0.045     0.384 r  Keypad_encoder_i/clockdivider_0/U0/counter[2]_i_1/O
                         net (fo=1, routed)           0.000     0.384    Keypad_encoder_i/clockdivider_0/U0/counter_0[2]
    SLICE_X112Y116       FDCE                                         r  Keypad_encoder_i/clockdivider_0/U0/counter_reg[2]/D
  -------------------------------------------------------------------    -------------------

Slack:                    inf
  Source:                 Keypad_encoder_i/clockdivider_0/U0/counter_reg[1]/C
                            (rising edge-triggered cell FDCE)
  Destination:            Keypad_encoder_i/clockdivider_0/U0/clk_out_reg/D
  Path Group:             (none)
  Path Type:              Min at Fast Process Corner
  Data Path Delay:        0.384ns  (logic 0.209ns (54.467%)  route 0.175ns (45.533%))
  Logic Levels:           2  (FDCE=1 LUT6=1)

    Location             Delay type                Incr(ns)  Path(ns)    Netlist Resource(s)
  -------------------------------------------------------------------    -------------------
    SLICE_X112Y115       FDCE                         0.000     0.000 r  Keypad_encoder_i/clockdivider_0/U0/counter_reg[1]/C
    SLICE_X112Y115       FDCE (Prop_fdce_C_Q)         0.164     0.164 r  Keypad_encoder_i/clockdivider_0/U0/counter_reg[1]/Q
                         net (fo=15, routed)          0.175     0.339    Keypad_encoder_i/clockdivider_0/U0/counter[1]
    SLICE_X112Y115       LUT6 (Prop_lut6_I3_O)        0.045     0.384 r  Keypad_encoder_i/clockdivider_0/U0/clk_out_i_1/O
                         net (fo=1, routed)           0.000     0.384    Keypad_encoder_i/clockdivider_0/U0/clk_out_i_1_n_0
    SLICE_X112Y115       FDCE                                         r  Keypad_encoder_i/clockdivider_0/U0/clk_out_reg/D
  -------------------------------------------------------------------    -------------------

Slack:                    inf
  Source:                 Keypad_encoder_i/counter_keypad_0/U0/cnt_reg[2]/C
                            (rising edge-triggered cell FDCE)
  Destination:            Keypad_encoder_i/counter_keypad_0/U0/cnt_reg[2]/D
  Path Group:             (none)
  Path Type:              Min at Fast Process Corner
  Data Path Delay:        0.386ns  (logic 0.209ns (54.195%)  route 0.177ns (45.805%))
  Logic Levels:           2  (FDCE=1 LUT3=1)

    Location             Delay type                Incr(ns)  Path(ns)    Netlist Resource(s)
  -------------------------------------------------------------------    -------------------
    SLICE_X112Y97        FDCE                         0.000     0.000 r  Keypad_encoder_i/counter_keypad_0/U0/cnt_reg[2]/C
    SLICE_X112Y97        FDCE (Prop_fdce_C_Q)         0.164     0.164 r  Keypad_encoder_i/counter_keypad_0/U0/cnt_reg[2]/Q
                         net (fo=10, routed)          0.177     0.341    Keypad_encoder_i/counter_keypad_0/U0/count[2]
    SLICE_X112Y97        LUT3 (Prop_lut3_I2_O)        0.045     0.386 r  Keypad_encoder_i/counter_keypad_0/U0/cnt[2]_i_1/O
                         net (fo=1, routed)           0.000     0.386    Keypad_encoder_i/counter_keypad_0/U0/plusOp[2]
    SLICE_X112Y97        FDCE                                         r  Keypad_encoder_i/counter_keypad_0/U0/cnt_reg[2]/D
  -------------------------------------------------------------------    -------------------

Slack:                    inf
  Source:                 Keypad_encoder_i/counter_keypad_0/U0/cnt_reg[2]/C
                            (rising edge-triggered cell FDCE)
  Destination:            Keypad_encoder_i/counter_keypad_0/U0/cnt_reg[3]/D
  Path Group:             (none)
  Path Type:              Min at Fast Process Corner
  Data Path Delay:        0.389ns  (logic 0.212ns (54.549%)  route 0.177ns (45.451%))
  Logic Levels:           2  (FDCE=1 LUT4=1)

    Location             Delay type                Incr(ns)  Path(ns)    Netlist Resource(s)
  -------------------------------------------------------------------    -------------------
    SLICE_X112Y97        FDCE                         0.000     0.000 r  Keypad_encoder_i/counter_keypad_0/U0/cnt_reg[2]/C
    SLICE_X112Y97        FDCE (Prop_fdce_C_Q)         0.164     0.164 r  Keypad_encoder_i/counter_keypad_0/U0/cnt_reg[2]/Q
                         net (fo=10, routed)          0.177     0.341    Keypad_encoder_i/counter_keypad_0/U0/count[2]
    SLICE_X112Y97        LUT4 (Prop_lut4_I2_O)        0.048     0.389 r  Keypad_encoder_i/counter_keypad_0/U0/cnt[3]_i_1/O
                         net (fo=1, routed)           0.000     0.389    Keypad_encoder_i/counter_keypad_0/U0/plusOp[3]
    SLICE_X112Y97        FDCE                                         r  Keypad_encoder_i/counter_keypad_0/U0/cnt_reg[3]/D
  -------------------------------------------------------------------    -------------------

Slack:                    inf
  Source:                 Keypad_encoder_i/counter_keypad_0/U0/cnt_reg[0]/C
                            (rising edge-triggered cell FDCE)
  Destination:            Keypad_encoder_i/counter_keypad_0/U0/cnt_reg[1]/D
  Path Group:             (none)
  Path Type:              Min at Fast Process Corner
  Data Path Delay:        0.392ns  (logic 0.207ns (52.792%)  route 0.185ns (47.208%))
  Logic Levels:           2  (FDCE=1 LUT2=1)

    Location             Delay type                Incr(ns)  Path(ns)    Netlist Resource(s)
  -------------------------------------------------------------------    -------------------
    SLICE_X112Y97        FDCE                         0.000     0.000 r  Keypad_encoder_i/counter_keypad_0/U0/cnt_reg[0]/C
    SLICE_X112Y97        FDCE (Prop_fdce_C_Q)         0.164     0.164 r  Keypad_encoder_i/counter_keypad_0/U0/cnt_reg[0]/Q
                         net (fo=9, routed)           0.185     0.349    Keypad_encoder_i/counter_keypad_0/U0/count[0]
    SLICE_X112Y97        LUT2 (Prop_lut2_I0_O)        0.043     0.392 r  Keypad_encoder_i/counter_keypad_0/U0/cnt[1]_i_1/O
                         net (fo=1, routed)           0.000     0.392    Keypad_encoder_i/counter_keypad_0/U0/plusOp[1]
    SLICE_X112Y97        FDCE                                         r  Keypad_encoder_i/counter_keypad_0/U0/cnt_reg[1]/D
  -------------------------------------------------------------------    -------------------

Slack:                    inf
  Source:                 Keypad_encoder_i/clockdivider_0/U0/counter_reg[0]/C
                            (rising edge-triggered cell FDCE)
  Destination:            Keypad_encoder_i/clockdivider_0/U0/counter_reg[0]/D
  Path Group:             (none)
  Path Type:              Min at Fast Process Corner
  Data Path Delay:        0.394ns  (logic 0.209ns (53.098%)  route 0.185ns (46.902%))
  Logic Levels:           2  (FDCE=1 LUT5=1)

    Location             Delay type                Incr(ns)  Path(ns)    Netlist Resource(s)
  -------------------------------------------------------------------    -------------------
    SLICE_X112Y115       FDCE                         0.000     0.000 r  Keypad_encoder_i/clockdivider_0/U0/counter_reg[0]/C
    SLICE_X112Y115       FDCE (Prop_fdce_C_Q)         0.164     0.164 f  Keypad_encoder_i/clockdivider_0/U0/counter_reg[0]/Q
                         net (fo=15, routed)          0.185     0.349    Keypad_encoder_i/clockdivider_0/U0/counter[0]
    SLICE_X112Y115       LUT5 (Prop_lut5_I2_O)        0.045     0.394 r  Keypad_encoder_i/clockdivider_0/U0/counter[0]_i_1/O
                         net (fo=1, routed)           0.000     0.394    Keypad_encoder_i/clockdivider_0/U0/counter_0[0]
    SLICE_X112Y115       FDCE                                         r  Keypad_encoder_i/clockdivider_0/U0/counter_reg[0]/D
  -------------------------------------------------------------------    -------------------

Slack:                    inf
  Source:                 Keypad_encoder_i/counter_keypad_0/U0/cnt_reg[0]/C
                            (rising edge-triggered cell FDCE)
  Destination:            Keypad_encoder_i/counter_keypad_0/U0/cnt_reg[0]/D
  Path Group:             (none)
  Path Type:              Min at Fast Process Corner
  Data Path Delay:        0.394ns  (logic 0.209ns (53.031%)  route 0.185ns (46.969%))
  Logic Levels:           2  (FDCE=1 LUT1=1)

    Location             Delay type                Incr(ns)  Path(ns)    Netlist Resource(s)
  -------------------------------------------------------------------    -------------------
    SLICE_X112Y97        FDCE                         0.000     0.000 r  Keypad_encoder_i/counter_keypad_0/U0/cnt_reg[0]/C
    SLICE_X112Y97        FDCE (Prop_fdce_C_Q)         0.164     0.164 f  Keypad_encoder_i/counter_keypad_0/U0/cnt_reg[0]/Q
                         net (fo=9, routed)           0.185     0.349    Keypad_encoder_i/counter_keypad_0/U0/count[0]
    SLICE_X112Y97        LUT1 (Prop_lut1_I0_O)        0.045     0.394 r  Keypad_encoder_i/counter_keypad_0/U0/cnt[0]_i_1/O
                         net (fo=1, routed)           0.000     0.394    Keypad_encoder_i/counter_keypad_0/U0/plusOp[0]
    SLICE_X112Y97        FDCE                                         r  Keypad_encoder_i/counter_keypad_0/U0/cnt_reg[0]/D
  -------------------------------------------------------------------    -------------------

Slack:                    inf
  Source:                 Keypad_encoder_i/clockdivider_0/U0/counter_reg[10]/C
                            (rising edge-triggered cell FDCE)
  Destination:            Keypad_encoder_i/clockdivider_0/U0/counter_reg[5]/D
  Path Group:             (none)
  Path Type:              Min at Fast Process Corner
  Data Path Delay:        0.404ns  (logic 0.209ns (51.795%)  route 0.195ns (48.205%))
  Logic Levels:           2  (FDCE=1 LUT6=1)

    Location             Delay type                Incr(ns)  Path(ns)    Netlist Resource(s)
  -------------------------------------------------------------------    -------------------
    SLICE_X112Y118       FDCE                         0.000     0.000 r  Keypad_encoder_i/clockdivider_0/U0/counter_reg[10]/C
    SLICE_X112Y118       FDCE (Prop_fdce_C_Q)         0.164     0.164 r  Keypad_encoder_i/clockdivider_0/U0/counter_reg[10]/Q
                         net (fo=15, routed)          0.195     0.359    Keypad_encoder_i/clockdivider_0/U0/counter[10]
    SLICE_X112Y117       LUT6 (Prop_lut6_I4_O)        0.045     0.404 r  Keypad_encoder_i/clockdivider_0/U0/counter[5]_i_1/O
                         net (fo=1, routed)           0.000     0.404    Keypad_encoder_i/clockdivider_0/U0/counter_0[5]
    SLICE_X112Y117       FDCE                                         r  Keypad_encoder_i/clockdivider_0/U0/counter_reg[5]/D
  -------------------------------------------------------------------    -------------------





