#-----------------------------------------------------------
# Vivado v2025.2 (64-bit)
# SW Build 6299465 on Fri Nov 14 19:35:11 GMT 2025
# IP Build 6300035 on Fri Nov 14 10:48:45 MST 2025
# SharedData Build 6298862 on Thu Nov 13 04:50:51 MST 2025
# Start of session at: Sat Apr 11 11:10:24 2026
# Process ID         : 38060
# Current directory  : C:/Users/jacob/Keypad_driver/Keypad_driver.runs/synth_1
# Command line       : vivado.exe -log Keypad_encoder_wrapper.vds -product Vivado -mode batch -messageDb vivado.pb -notrace -source Keypad_encoder_wrapper.tcl
# Log file           : C:/Users/jacob/Keypad_driver/Keypad_driver.runs/synth_1/Keypad_encoder_wrapper.vds
# Journal file       : C:/Users/jacob/Keypad_driver/Keypad_driver.runs/synth_1\vivado.jou
# Running On         : LAPTOP-BNQ02402
# Platform           : Windows Server 2016 or Windows 10
# Operating System   : 26200
# Processor Detail   : AMD Ryzen AI 9 365 w/ Radeon 880M              
# CPU Frequency      : 1996 MHz
# CPU Physical cores : 10
# CPU Logical cores  : 20
# Host memory        : 29841 MB
# Swap memory        : 3623 MB
# Total Virtual      : 33465 MB
# Available Virtual  : 6960 MB
#-----------------------------------------------------------
source Keypad_encoder_wrapper.tcl -notrace
